// Jest Snapshot v1, https://goo.gl/fbAQLP

exports[`Dialog should render correctly 1`] = `
.c2 {
  font-size: 1.125rem;
  font-weight: 500;
  font-family: 'Poppins',sans-serif;
  color: #11142D;
}

.c3 {
  border: 1px solid transparent;
  font: inherit;
  height: 2.5rem;
  border-radius: 0.75rem;
  padding: 0 0.75rem;
  width: 2.5rem;
  background-color: transparent;
  border-color: transparent;
  color: #11142D;
  display: -webkit-inline-box;
  display: -webkit-inline-flex;
  display: -ms-inline-flexbox;
  display: inline-flex;
  font-weight: 500;
  font-size: 0.875rem;
  -webkit-user-select: none;
  -moz-user-select: none;
  -ms-user-select: none;
  user-select: none;
  text-shadow: none;
  -webkit-box-pack: center;
  -webkit-justify-content: center;
  -ms-flex-pack: center;
  justify-content: center;
  -webkit-align-items: center;
  -webkit-box-align: center;
  -ms-flex-align: center;
  align-items: center;
  text-align: center;
  white-space: nowrap;
  -webkit-transition: background-color 200ms ease 0ms,box-shadow 200ms ease 0ms,border 200ms ease 0ms,color 200ms ease 0ms;
  transition: background-color 200ms ease 0ms,box-shadow 200ms ease 0ms,border 200ms ease 0ms,color 200ms ease 0ms;
  position: relative;
  overflow: hidden;
  cursor: pointer;
}

.c3:hover {
  background-color: #F7F7FD;
  border-color: #F7F7FD;
}

.c3 .button-icon {
  width: 1.25rem;
}

.c3 .button-icon svg {
  width: 100%;
  height: auto;
}

.c6 {
  border: 1px solid transparent;
  font: inherit;
  height: 3.5rem;
  border-radius: 1rem;
  padding: 0 1.25rem;
  background-color: #6C5DD3;
  border-color: #6C5DD3;
  color: #FFFFFF;
  display: -webkit-inline-box;
  display: -webkit-inline-flex;
  display: -ms-inline-flexbox;
  display: inline-flex;
  font-weight: 500;
  font-size: 0.875rem;
  -webkit-user-select: none;
  -moz-user-select: none;
  -ms-user-select: none;
  user-select: none;
  text-shadow: none;
  -webkit-box-pack: center;
  -webkit-justify-content: center;
  -ms-flex-pack: center;
  justify-content: center;
  -webkit-align-items: center;
  -webkit-box-align: center;
  -ms-flex-align: center;
  align-items: center;
  text-align: center;
  white-space: nowrap;
  -webkit-transition: background-color 200ms ease 0ms,box-shadow 200ms ease 0ms,border 200ms ease 0ms,color 200ms ease 0ms;
  transition: background-color 200ms ease 0ms,box-shadow 200ms ease 0ms,border 200ms ease 0ms,color 200ms ease 0ms;
  position: relative;
  overflow: hidden;
  cursor: pointer;
}

.c6:hover {
  background-color: #4535B7;
  border-color: #4535B7;
}

.c6 .button-icon {
  width: 1.25rem;
}

.c6 .button-icon svg {
  width: 100%;
  height: auto;
}

.c6 .button-icon {
  margin-right: 0.5rem;
  margin-left: -0.25rem;
}

.c6 .button-icon-right {
  margin-right: -0.25rem;
  margin-left: 0.5rem;
}

.c4 {
  display: inline-block;
  vertical-align: middle;
  overflow: hidden;
}

.c1 {
  padding: 1rem 1rem 1rem 1.5rem;
  display: -webkit-box;
  display: -webkit-flex;
  display: -ms-flexbox;
  display: flex;
  -webkit-align-items: center;
  -webkit-box-align: center;
  -ms-flex-align: center;
  align-items: center;
  position: -webkit-sticky;
  position: sticky;
  top: 0;
  background: #FFFFFF;
}

.c1 .button {
  margin-left: auto;
}

.c5 {
  padding: 1rem 1.5rem 1.5rem;
  display: -webkit-box;
  display: -webkit-flex;
  display: -ms-flexbox;
  display: flex;
  margin: 0 -0.5rem;
  position: -webkit-sticky;
  position: sticky;
  bottom: 0;
  background: #FFFFFF;
}

.c5 .button {
  margin: 0 0.5rem;
  width: 100%;
}

.c0 {
  position: fixed;
  left: 0;
  top: 0;
  width: 100%;
  height: 100%;
  pointer-events: initial;
  display: -webkit-box;
  display: -webkit-flex;
  display: -ms-flexbox;
  display: flex;
  -webkit-box-pack: center;
  -webkit-justify-content: center;
  -ms-flex-pack: center;
  justify-content: center;
  padding: 5vh 0;
  z-index: 999;
}

.c0 .dialog-underlay {
  position: fixed;
  left: 0;
  top: 0;
  width: 100%;
  height: 100%;
  background: #11142DB3;
  cursor: pointer;
  z-index: 1;
  will-change: opacity;
}

.c0 .dialog-wrapper {
  position: relative;
  touch-action: none;
  position: relative;
  z-index: 2;
  margin-top: auto;
  margin-bottom: auto;
  min-height: 10rem;
  width: min(100%,560px);
}

.c0 .dialog {
  height: 100%;
  width: 100%;
  background: #FFFFFF;
  box-shadow: 0px 1px 2px rgba(0,0,0,0.02),0px 3px 7px rgba(0,0,0,0.03),0px 12px 31px rgba(0,0,0,0.05);
  border-radius: 1rem;
  -webkit-overflow-scrolling: touch;
  touch-action: pan-y;
  overflow-y: auto;
  overflow-x: hidden;
  will-change: transform opacity;
}

.c0 .dialog-content {
  padding: 0.5rem 1.5rem;
}

@media screen and (max-width:560px) {
  .c0 {
    padding: 10vh 0;
  }
}

@media screen and (max-width:560px) {
  .c0 .dialog-wrapper {
    margin-bottom: 0;
  }
}

@media screen and (max-width:560px) {
  .c0 .dialog {
    border-bottom-left-radius: 0;
    border-bottom-right-radius: 0;
  }
}

<div>
  <div
    class="c0 dialog-container "
    open=""
    width="560px"
  >
    <div
      class="dialog-underlay"
      style="opacity: 0;"
    />
    <div
      class="dialog-wrapper"
      style="opacity: 0; transform: translateY(32px);"
    >
      <div
        class="dialog"
        style="max-height: 691.2px;"
      >
        <div
          class="c1 dialog-header"
        >
          <h2
            class="c2 dialog-title"
          >
            test-value-title
          </h2>
          <button
            class="c3 button button-iconOnly "
          >
            <span
              class="button-icon"
            >
              <svg
                aria-hidden="true"
                class="c4"
                fill="currentColor"
                focusable="false"
                viewBox="0 0 24 24"
                xmlns="http://www.w3.org/2000/svg"
              >
                <path
                  d="M0 0h24v24H0V0z"
                  fill="none"
                />
                <path
                  d="M19 6.41L17.59 5 12 10.59 6.41 5 5 6.41 10.59 12 5 17.59 6.41 19 12 13.41 17.59 19 19 17.59 13.41 12 19 6.41z"
                />
              </svg>
            </span>
          </button>
        </div>
        <div
          class="dialog-content"
        >
          test-value
        </div>
        <div
          class="c5 dialog-footer"
        >
          <button
            class="c6 button  "
          >
            save
          </button>
        </div>
      </div>
    </div>
  </div>
</div>
`;
