// Jest Snapshot v1, https://goo.gl/fbAQLP

exports[`Custom Select should render 1`] = `
.c2 {
  display: inline-block;
  vertical-align: middle;
  overflow: hidden;
}

.c0 {
  display: -webkit-box;
  display: -webkit-flex;
  display: -ms-flexbox;
  display: flex;
  -webkit-align-items: center;
  -webkit-box-align: center;
  -ms-flex-align: center;
  align-items: center;
  position: relative;
}

.c0 select,
.c0 .select {
  width: 100%;
  display: -webkit-box;
  display: -webkit-flex;
  display: -ms-flexbox;
  display: flex;
  height: 3.5rem;
  padding: 0 0.75rem;
  font: inherit;
  border: 1px solid #9395A1;
  border-radius: 0.5rem;
  box-shadow: none;
  background: #FFFFFF;
  -webkit-appearance: none;
  color: inherit;
  cursor: pointer;
  position: relative;
  z-index: 1;
  padding-right: 2.25rem;
}

.c0 select:focus,
.c0 .select:focus {
  border-color: #6C5DD3;
  box-shadow: 0px 0px 0px 1px #6C5DD3;
  outline: 0;
}

.c0 .select-icon {
  position: absolute;
  z-index: 2;
  width: 1.25rem;
  left: 0.75rem;
}

.c0 .select-icon svg {
  width: 100%;
  height: auto;
}

.c0 .select-arrow {
  left: initial;
  right: 0.75rem;
}

.c1 {
  position: relative;
  width: 100%;
}

.c1 .select-options {
  position: absolute;
  top: calc(100% + 0.25rem);
  left: 0;
  width: 100%;
  border: 1px solid #9395A1;
  background: #FFFFFF;
  box-shadow: 0px 3px 6px rgba(0,0,0,0.04),0px 1px 2px rgba(0,0,0,0.02);
  border-radius: 0.5rem;
  padding: 0.5rem 0;
}

.c1 .select-option {
  padding: 0.75rem 0.75rem;
  cursor: pointer;
}

.c1 .select-option.selected {
  background: #EEEEF8;
}

.c1 .select-option.current {
  background: #6C5DD3;
  color: #FFFFFF;
}

.c1 .select {
  display: -webkit-box;
  display: -webkit-flex;
  display: -ms-flexbox;
  display: flex;
  -webkit-align-items: center;
  -webkit-box-align: center;
  -ms-flex-align: center;
  align-items: center;
}

.c1 .select-placeholder {
  color: #9395A1;
}

.c1 .select-search {
  display: block;
  width: calc(100% - 1.5rem);
  outline: none;
  font: inherit;
  -webkit-transform: translateX(0px) translateY(-1px);
  -ms-transform: translateX(0px) translateY(-1px);
  transform: translateX(0px) translateY(-1px);
  position: absolute;
  height: calc(2.5rem);
  border: 0;
  opacity: 0;
  pointer-events: none;
  background: #FFFFFF;
}

.c1 .select-search.select-search-empty {
  background: transparent;
}

.c1 .select-no-options {
  color: #9395A1;
  padding: 0.75rem 0.75rem;
}

<div>
  <div
    class="c0 select-container "
  >
    <div
      class="c1 custom-select"
    >
      <div
        class="select"
      >
        <span
          class="select-placeholder"
        >
          test-value
        </span>
      </div>
      <div
        class="select-options"
        style="opacity: 0; pointer-events: none;"
      >
        <div
          class="select-option   "
        >
          option1
        </div>
        <div
          class="select-option   "
        >
          option2
        </div>
        <div
          class="select-option   "
        >
          option3
        </div>
      </div>
    </div>
    <span
      class="select-icon select-arrow"
    >
      <svg
        aria-hidden="true"
        class="c2"
        fill="currentColor"
        focusable="false"
        viewBox="0 0 24 24"
        xmlns="http://www.w3.org/2000/svg"
      >
        <path
          d="M0 0h24v24H0V0z"
          fill="none"
        />
        <path
          d="M7.41 8.59L12 13.17l4.59-4.58L18 10l-6 6-6-6 1.41-1.41z"
        />
      </svg>
    </span>
  </div>
</div>
`;
