// Jest Snapshot v1, https://goo.gl/fbAQLP

exports[`Link should render <a> element 1`] = `
.c0 {
  color: #6C5DD3;
}

.c0:hover {
  color: #4535B7;
}

<div>
  <a
    class="c0"
  >
    test-value
  </a>
</div>
`;
