// Jest Snapshot v1, https://goo.gl/fbAQLP

exports[`Avatar should highlight the current user 1`] = `
.c0 {
  display: -webkit-box;
  display: -webkit-flex;
  display: -ms-flexbox;
  display: flex;
  -webkit-align-items: center;
  -webkit-box-align: center;
  -ms-flex-align: center;
  align-items: center;
}

.c0 > *:first-child {
  width: 3rem;
  height: 3rem;
  border-radius: 1rem;
  display: -webkit-box;
  display: -webkit-flex;
  display: -ms-flexbox;
  display: flex;
  -webkit-user-select: none;
  -moz-user-select: none;
  -ms-user-select: none;
  user-select: none;
}

.c0 .avatar-initials {
  color: #F7F7FD;
  -webkit-box-pack: center;
  -webkit-justify-content: center;
  -ms-flex-pack: center;
  justify-content: center;
  -webkit-align-items: center;
  -webkit-box-align: center;
  -ms-flex-align: center;
  align-items: center;
  text-align: center;
  background-color: #6C5DD3 !important;
}

.c0 .avatar-label {
  margin-left: 0.75rem;
  display: -webkit-box;
  display: -webkit-flex;
  display: -ms-flexbox;
  display: flex;
  -webkit-flex-direction: column;
  -ms-flex-direction: column;
  flex-direction: column;
}

.c0 .avatar-text {
  font-size: 0.875rem;
  color: #6C5DD3;
  font-weight: 500;
}

.c0 .avatar-subtext {
  font-size: 0.8125rem;
  color: #9395A1;
  margin-top: 0.25rem;
}

.c1 {
  display: -webkit-box;
  display: -webkit-flex;
  display: -ms-flexbox;
  display: flex;
  -webkit-align-items: center;
  -webkit-box-align: center;
  -ms-flex-align: center;
  align-items: center;
}

.c1 > *:first-child {
  width: 3rem;
  height: 3rem;
  border-radius: 1rem;
  display: -webkit-box;
  display: -webkit-flex;
  display: -ms-flexbox;
  display: flex;
  -webkit-user-select: none;
  -moz-user-select: none;
  -ms-user-select: none;
  user-select: none;
}

.c1 .avatar-initials {
  color: #F7F7FD;
  -webkit-box-pack: center;
  -webkit-justify-content: center;
  -ms-flex-pack: center;
  justify-content: center;
  -webkit-align-items: center;
  -webkit-box-align: center;
  -ms-flex-align: center;
  align-items: center;
  text-align: center;
}

.c1 .avatar-label {
  margin-left: 0.75rem;
  display: -webkit-box;
  display: -webkit-flex;
  display: -ms-flexbox;
  display: flex;
  -webkit-flex-direction: column;
  -ms-flex-direction: column;
  flex-direction: column;
}

.c1 .avatar-text {
  font-size: 0.875rem;
  color: #11142D;
  font-weight: 500;
}

.c1 .avatar-subtext {
  font-size: 0.8125rem;
  color: #9395A1;
  margin-top: 0.25rem;
}

<div>
  <div
    class="c0 avatar "
  >
    <div
      class="avatar-initials"
      style="background-color: rgb(130, 201, 30);"
    >
      tv
    </div>
    <div
      class="avatar-label"
    >
      <span
        class="avatar-text"
      >
        test-value
      </span>
    </div>
  </div>
  <div
    class="c1 avatar "
  >
    <div
      class="avatar-initials"
      style="background-color: rgb(130, 201, 30);"
    >
      tv
    </div>
    <div
      class="avatar-label"
    >
      <span
        class="avatar-text"
      >
        test-value
      </span>
    </div>
  </div>
</div>
`;
